
=== smoke_s1a (spy_condor_weekly) 2025-06-01..2025-06-30 kwargs={} budget_remaining=5979 ===
  .. 2025-06-02 (1/20) bal=10000 trades=0 fresh_api=0
  .. 2025-06-03 (2/20) bal=10000 trades=0 fresh_api=0
  .. 2025-06-04 (3/20) bal=10000 trades=0 fresh_api=0
  .. 2025-06-05 (4/20) bal=10000 trades=0 fresh_api=0
  .. 2025-06-06 (5/20) bal=10000 trades=0 fresh_api=0
  .. 2025-06-09 (6/20) bal=10186 trades=1 fresh_api=0
  .. 2025-06-10 (7/20) bal=10186 trades=1 fresh_api=0
  .. 2025-06-11 (8/20) bal=10186 trades=1 fresh_api=0
  .. 2025-06-12 (9/20) bal=10186 trades=1 fresh_api=0
  .. 2025-06-13 (10/20) bal=10186 trades=1 fresh_api=0
  .. 2025-06-16 (11/20) bal=10364 trades=2 fresh_api=0
  .. 2025-06-17 (12/20) bal=10364 trades=2 fresh_api=0
  .. 2025-06-18 (13/20) bal=10364 trades=2 fresh_api=0
  .. 2025-06-20 (14/20) bal=10364 trades=2 fresh_api=0
  .. 2025-06-23 (15/20) bal=10415 trades=3 fresh_api=0
  .. 2025-06-24 (16/20) bal=10415 trades=3 fresh_api=0
  .. 2025-06-25 (17/20) bal=10415 trades=3 fresh_api=0
  .. 2025-06-26 (18/20) bal=10415 trades=3 fresh_api=0
  .. 2025-06-27 (19/20) bal=10415 trades=3 fresh_api=0
  .. 2025-06-30 (20/20) bal=9671 trades=4 fresh_api=0
--- smoke_s1a: n=5 WR=0.6 PF=0.477 P&L=-455.0 maxDD=744.1 fresh_api=0 (cum 21/6000)

=== smoke_s1b (spy_condor_monthly) 2025-06-01..2025-06-30 kwargs={} budget_remaining=5979 ===
  .. 2025-06-02 (1/20) bal=10000 trades=0 fresh_api=0
  .. 2025-06-03 (2/20) bal=10000 trades=0 fresh_api=0
  .. 2025-06-04 (3/20) bal=10000 trades=0 fresh_api=0
  .. 2025-06-05 (4/20) bal=10000 trades=0 fresh_api=0
  .. 2025-06-06 (5/20) bal=10000 trades=0 fresh_api=0
  .. 2025-06-09 (6/20) bal=10000 trades=0 fresh_api=0
  .. 2025-06-10 (7/20) bal=10000 trades=0 fresh_api=0
  .. 2025-06-11 (8/20) bal=10000 trades=0 fresh_api=0
  .. 2025-06-12 (9/20) bal=10000 trades=0 fresh_api=0
  .. 2025-06-13 (10/20) bal=10000 trades=0 fresh_api=0
  .. 2025-06-16 (11/20) bal=10000 trades=0 fresh_api=0
  .. 2025-06-17 (12/20) bal=10000 trades=0 fresh_api=0
  .. 2025-06-18 (13/20) bal=10000 trades=0 fresh_api=0
  .. 2025-06-20 (14/20) bal=10000 trades=0 fresh_api=0
  .. 2025-06-23 (15/20) bal=10000 trades=0 fresh_api=0
  .. 2025-06-24 (16/20) bal=10000 trades=0 fresh_api=0
  .. 2025-06-25 (17/20) bal=10000 trades=0 fresh_api=0
  .. 2025-06-26 (18/20) bal=10000 trades=0 fresh_api=0
  .. 2025-06-27 (19/20) bal=10000 trades=0 fresh_api=0
  .. 2025-06-30 (20/20) bal=10000 trades=0 fresh_api=0
--- smoke_s1b: n=1 WR=1.0 PF=inf P&L=6.4 maxDD=0.0 fresh_api=0 (cum 21/6000)

=== smoke_s3 (spy_bfly_monthly) 2025-06-01..2025-06-30 kwargs={} budget_remaining=5979 ===
  .. 2025-06-02 (1/20) bal=10000 trades=0 fresh_api=0
  .. 2025-06-03 (2/20) bal=10000 trades=0 fresh_api=0
  .. 2025-06-04 (3/20) bal=10000 trades=0 fresh_api=0
  .. 2025-06-05 (4/20) bal=10000 trades=0 fresh_api=0
  .. 2025-06-06 (5/20) bal=10000 trades=0 fresh_api=0
  .. 2025-06-09 (6/20) bal=10000 trades=0 fresh_api=0
  .. 2025-06-10 (7/20) bal=10000 trades=0 fresh_api=0
  .. 2025-06-11 (8/20) bal=10000 trades=0 fresh_api=0
  .. 2025-06-12 (9/20) bal=10000 trades=0 fresh_api=0
  .. 2025-06-13 (10/20) bal=10000 trades=0 fresh_api=0
  .. 2025-06-16 (11/20) bal=10000 trades=0 fresh_api=0
  .. 2025-06-17 (12/20) bal=10000 trades=0 fresh_api=0
  .. 2025-06-18 (13/20) bal=10000 trades=0 fresh_api=0
  .. 2025-06-20 (14/20) bal=10000 trades=0 fresh_api=0
  .. 2025-06-23 (15/20) bal=10000 trades=0 fresh_api=0
  .. 2025-06-24 (16/20) bal=10000 trades=0 fresh_api=3
  .. 2025-06-25 (17/20) bal=10000 trades=0 fresh_api=3
  .. 2025-06-26 (18/20) bal=10000 trades=0 fresh_api=3
  .. 2025-06-27 (19/20) bal=10000 trades=0 fresh_api=3
  .. 2025-06-30 (20/20) bal=10000 trades=0 fresh_api=3
--- smoke_s3: n=1 WR=0.0 PF=0.0 P&L=-1320.6 maxDD=0.0 fresh_api=3 (cum 24/6000)
